[  100132ms] [ERROR] Failed to load resource: the server responded with a status of 530 () @ https://atlinks.app/dispatch/trips?search=&active=&date_from=&date_to=&sort_by=&sort_dir=:0
[  100135ms] [ERROR] Response Status Error Code 530 from /dispatch/trips @ https://atlinks.app/static/js/htmx.min.js?v=dc72ba7:0
[  110134ms] [ERROR] Failed to load resource: the server responded with a status of 530 () @ https://atlinks.app/dispatch/trips?search=&active=&date_from=&date_to=&sort_by=&sort_dir=:0
[  110136ms] [ERROR] Response Status Error Code 530 from /dispatch/trips @ https://atlinks.app/static/js/htmx.min.js?v=dc72ba7:0
[  120123ms] [ERROR] Failed to load resource: the server responded with a status of 530 () @ https://atlinks.app/notifications/count:0
[  120126ms] [ERROR] Response Status Error Code 530 from /notifications/count @ https://atlinks.app/static/js/htmx.min.js?v=dc72ba7:0
[  120133ms] [ERROR] Failed to load resource: the server responded with a status of 530 () @ https://atlinks.app/dispatch/trips?search=&active=&date_from=&date_to=&sort_by=&sort_dir=:0
[  120135ms] [ERROR] Response Status Error Code 530 from /dispatch/trips @ https://atlinks.app/static/js/htmx.min.js?v=dc72ba7:0
[ 2060315ms] [ERROR] Failed to load resource: the server responded with a status of 530 () @ https://atlinks.app/dispatch/trips?search=&active=&date_from=&date_to=&sort_by=&sort_dir=:0
[ 2060317ms] [ERROR] Response Status Error Code 530 from /dispatch/trips @ https://atlinks.app/static/js/htmx.min.js?v=dc72ba7:0
[ 2070178ms] [ERROR] Failed to load resource: the server responded with a status of 530 () @ https://atlinks.app/notifications/count:0
[ 2070180ms] [ERROR] Response Status Error Code 530 from /notifications/count @ https://atlinks.app/static/js/htmx.min.js?v=dc72ba7:0
[ 2070314ms] [ERROR] Failed to load resource: the server responded with a status of 530 () @ https://atlinks.app/dispatch/trips?search=&active=&date_from=&date_to=&sort_by=&sort_dir=:0
[ 2070316ms] [ERROR] Response Status Error Code 530 from /dispatch/trips @ https://atlinks.app/static/js/htmx.min.js?v=dc72ba7:0
[85297217ms] [ERROR] htmx:afterRequest @ https://atlinks.app/static/js/htmx.min.js?v=dc72ba7:0
[85297218ms] [ERROR] htmx:sendError @ https://atlinks.app/static/js/htmx.min.js?v=dc72ba7:0
[85297218ms] [ERROR] Failed to load resource: net::ERR_QUIC_PROTOCOL_ERROR @ https://atlinks.app/login:0
[101898672ms] [ERROR] Failed to load resource: the server responded with a status of 530 () @ https://atlinks.app/dispatch/trips?search=&active=&date_from=&date_to=&sort_by=&sort_dir=:0
[101898673ms] [ERROR] Response Status Error Code 530 from /dispatch/trips @ https://atlinks.app/static/js/htmx.min.js?v=dc72ba7:0
[102228701ms] [ERROR] Failed to load resource: the server responded with a status of 530 () @ https://atlinks.app/dispatch/trips?search=&active=&date_from=&date_to=&sort_by=&sort_dir=:0
[102228702ms] [ERROR] Response Status Error Code 530 from /dispatch/trips @ https://atlinks.app/static/js/htmx.min.js?v=dc72ba7:0
[102238704ms] [ERROR] Failed to load resource: the server responded with a status of 530 () @ https://atlinks.app/dispatch/trips?search=&active=&date_from=&date_to=&sort_by=&sort_dir=:0
[102238704ms] [ERROR] Response Status Error Code 530 from /dispatch/trips @ https://atlinks.app/static/js/htmx.min.js?v=dc72ba7:0
[102242838ms] [ERROR] Failed to load resource: the server responded with a status of 530 () @ https://atlinks.app/notifications/count:0
[102242839ms] [ERROR] Response Status Error Code 530 from /notifications/count @ https://atlinks.app/static/js/htmx.min.js?v=dc72ba7:0
[102688746ms] [ERROR] Failed to load resource: the server responded with a status of 530 () @ https://atlinks.app/dispatch/trips?search=&active=&date_from=&date_to=&sort_by=&sort_dir=:0
[102688747ms] [ERROR] Response Status Error Code 530 from /dispatch/trips @ https://atlinks.app/static/js/htmx.min.js?v=dc72ba7:0
[102692851ms] [ERROR] Failed to load resource: the server responded with a status of 530 () @ https://atlinks.app/notifications/count:0
[102692852ms] [ERROR] Response Status Error Code 530 from /notifications/count @ https://atlinks.app/static/js/htmx.min.js?v=dc72ba7:0
[102698746ms] [ERROR] Failed to load resource: the server responded with a status of 530 () @ https://atlinks.app/dispatch/trips?search=&active=&date_from=&date_to=&sort_by=&sort_dir=:0
[102698747ms] [ERROR] Response Status Error Code 530 from /dispatch/trips @ https://atlinks.app/static/js/htmx.min.js?v=dc72ba7:0
[103082862ms] [ERROR] Failed to load resource: the server responded with a status of 530 () @ https://atlinks.app/notifications/count:0
[103082863ms] [ERROR] Response Status Error Code 530 from /notifications/count @ https://atlinks.app/static/js/htmx.min.js?v=dc72ba7:0
[103088782ms] [ERROR] Failed to load resource: the server responded with a status of 530 () @ https://atlinks.app/dispatch/trips?search=&active=&date_from=&date_to=&sort_by=&sort_dir=:0
[103088783ms] [ERROR] Response Status Error Code 530 from /dispatch/trips @ https://atlinks.app/static/js/htmx.min.js?v=dc72ba7:0
[103098785ms] [ERROR] Failed to load resource: the server responded with a status of 530 () @ https://atlinks.app/dispatch/trips?search=&active=&date_from=&date_to=&sort_by=&sort_dir=:0
[103098786ms] [ERROR] Response Status Error Code 530 from /dispatch/trips @ https://atlinks.app/static/js/htmx.min.js?v=dc72ba7:0
[103108786ms] [ERROR] Failed to load resource: the server responded with a status of 530 () @ https://atlinks.app/dispatch/trips?search=&active=&date_from=&date_to=&sort_by=&sort_dir=:0
[103108787ms] [ERROR] Response Status Error Code 530 from /dispatch/trips @ https://atlinks.app/static/js/htmx.min.js?v=dc72ba7:0
[103112863ms] [ERROR] Failed to load resource: the server responded with a status of 530 () @ https://atlinks.app/notifications/count:0
[103112864ms] [ERROR] Response Status Error Code 530 from /notifications/count @ https://atlinks.app/static/js/htmx.min.js?v=dc72ba7:0
[103118785ms] [ERROR] Failed to load resource: the server responded with a status of 530 () @ https://atlinks.app/dispatch/trips?search=&active=&date_from=&date_to=&sort_by=&sort_dir=:0
[103118786ms] [ERROR] Response Status Error Code 530 from /dispatch/trips @ https://atlinks.app/static/js/htmx.min.js?v=dc72ba7:0
[103128786ms] [ERROR] Failed to load resource: the server responded with a status of 530 () @ https://atlinks.app/dispatch/trips?search=&active=&date_from=&date_to=&sort_by=&sort_dir=:0
[103128787ms] [ERROR] Response Status Error Code 530 from /dispatch/trips @ https://atlinks.app/static/js/htmx.min.js?v=dc72ba7:0
[103138788ms] [ERROR] Failed to load resource: the server responded with a status of 530 () @ https://atlinks.app/dispatch/trips?search=&active=&date_from=&date_to=&sort_by=&sort_dir=:0
[103138789ms] [ERROR] Response Status Error Code 530 from /dispatch/trips @ https://atlinks.app/static/js/htmx.min.js?v=dc72ba7:0
[103142864ms] [ERROR] Failed to load resource: the server responded with a status of 530 () @ https://atlinks.app/notifications/count:0
[103142864ms] [ERROR] Response Status Error Code 530 from /notifications/count @ https://atlinks.app/static/js/htmx.min.js?v=dc72ba7:0
[103148788ms] [ERROR] Failed to load resource: the server responded with a status of 530 () @ https://atlinks.app/dispatch/trips?search=&active=&date_from=&date_to=&sort_by=&sort_dir=:0
[103148792ms] [ERROR] Response Status Error Code 530 from /dispatch/trips @ https://atlinks.app/static/js/htmx.min.js?v=dc72ba7:0
[103158789ms] [ERROR] Failed to load resource: the server responded with a status of 530 () @ https://atlinks.app/dispatch/trips?search=&active=&date_from=&date_to=&sort_by=&sort_dir=:0
[103158790ms] [ERROR] Response Status Error Code 530 from /dispatch/trips @ https://atlinks.app/static/js/htmx.min.js?v=dc72ba7:0
